src/components/AppLayout.tsx(60,18): error TS2339: Property 'filters' does not exist on type 'FilterState'.
src/components/ConciergeChat.tsx(408,11): error TS2339: Property 'pulse' does not exist on type '{ frequencyData: Uint8Array<ArrayBufferLike>; isReady: boolean; analyser: AnalyserNode | null; }'.
src/components/ConciergeChat.tsx(408,52): error TS2345: Argument of type 'boolean' is not assignable to parameter of type 'MediaStream'.
src/components/ConciergeChat.tsx(469,14): error TS2339: Property 'playMessageSent' does not exist on type 'SoundEngine'.
src/components/DashboardLayout.tsx(260,100): error TS2339: Property 'showMapFullscreen' does not exist on type 'ModalState'.
src/components/DashboardLayout.tsx(261,66): error TS2339: Property 'showMapFullscreen' does not exist on type 'ModalState'.
src/components/filters/DiscoveryFilters.tsx(78,11): error TS2339: Property 'setServiceTypes' does not exist on type '{ setActiveCategory: (category: QuickFilterCategory | null) => void; toggleCategory: (category: QuickFilterCategory) => void; setCategories: (categories: QuickFilterCategory[]) => void; ... 7 more ...; resetAllFilters: () => void; }'.
src/components/filters/DiscoveryFilters.tsx(78,50): error TS2339: Property 'setPropertyTypes' does not exist on type '{ setActiveCategory: (category: QuickFilterCategory | null) => void; toggleCategory: (category: QuickFilterCategory) => void; setCategories: (categories: QuickFilterCategory[]) => void; ... 7 more ...; resetAllFilters: () => void; }'.
src/components/LikedClients.tsx(246,12): error TS2304: Cannot find name 'EmptyState'.
src/components/SwipessSwipeContainer.tsx(1133,19): error TS2322: Type '{ onRefresh: () => Promise<void>; isRefreshing: boolean; radiusKm: number; onRadiusChange: (radius: number) => void; onDetectLocation: () => void; detecting: boolean; detected: boolean; error: Error | null; role: string; lat: number | null; lng: number | null; }' is not assignable to type 'IntrinsicAttributes & SwipeExhaustedStateProps'.
  Property 'radiusKm' does not exist on type 'IntrinsicAttributes & SwipeExhaustedStateProps'.
src/components/SwipessSwipeContainer.tsx(1189,30): error TS2345: Argument of type '(prev: number) => number' is not assignable to parameter of type 'number'.
src/components/VirtualizedMessageList.tsx(113,45): error TS2367: This comparison appears to be unintentional because the types '"dark" | "cheers" | "red-matte" | "amber-matte" | "pure-black" | "Swipess-style"' and '"ivanna-style"' have no overlap.
src/pages/ClientFilters.tsx(125,48): error TS2741: Property 'activeCount' is missing in type '{ onApply: (f: Record<string, unknown>) => void; initialFilters: Record<string, any>; }' but required in type 'PropertyClientFiltersProps'.
src/pages/ClientFilters.tsx(126,50): error TS2741: Property 'activeCount' is missing in type '{ onApply: (f: Record<string, unknown>) => void; initialFilters: Record<string, any>; }' but required in type 'MotoClientFiltersProps'.
src/pages/ClientFilters.tsx(127,47): error TS2741: Property 'activeCount' is missing in type '{ onApply: (f: Record<string, unknown>) => void; initialFilters: Record<string, any>; }' but required in type 'BicycleClientFiltersProps'.
src/pages/ClientFilters.tsx(128,48): error TS2741: Property 'activeCount' is missing in type '{ onApply: (f: any) => void; initialFilters: Record<string, any>; }' but required in type 'WorkerClientFiltersProps'.
src/pages/ClientProfileNew.tsx(206,29): error TS18048: 'profile.interests.length' is possibly 'undefined'.
src/pages/ClientProfileNew.tsx(220,16): error TS18048: 'profile.interests.length' is possibly 'undefined'.
src/pages/ClientProfileNew.tsx(225,24): error TS18049: 'profile' is possibly 'null' or 'undefined'.
src/pages/ClientProfileNew.tsx(225,24): error TS18049: 'profile.interests' is possibly 'null' or 'undefined'.
src/pages/Index.tsx(161,28): error TS18047: 'user' is possibly 'null'.
src/pages/NotificationsPage.tsx(16,11): error TS2339: Property 'notifications' does not exist on type '{ requestPermission: () => Promise<string>; isSupported: boolean; permission: NotificationPermission; }'.
src/pages/NotificationsPage.tsx(16,26): error TS2339: Property 'isLoading' does not exist on type '{ requestPermission: () => Promise<string>; isSupported: boolean; permission: NotificationPermission; }'.
src/pages/NotificationsPage.tsx(16,37): error TS2339: Property 'markAsRead' does not exist on type '{ requestPermission: () => Promise<string>; isSupported: boolean; permission: NotificationPermission; }'.
src/pages/NotificationsPage.tsx(16,49): error TS2339: Property 'deleteNotification' does not exist on type '{ requestPermission: () => Promise<string>; isSupported: boolean; permission: NotificationPermission; }'.
src/pages/NotificationsPage.tsx(16,69): error TS2339: Property 'markAllAsRead' does not exist on type '{ requestPermission: () => Promise<string>; isSupported: boolean; permission: NotificationPermission; }'.
src/pages/NotificationsPage.tsx(88,32): error TS7006: Parameter 'notif' implicitly has an 'any' type.
src/pages/NotificationsPage.tsx(88,39): error TS7006: Parameter 'i' implicitly has an 'any' type.
src/pages/OwnerFilters.tsx(29,24): error TS2304: Cannot find name 'useRef'.
src/pages/OwnerFilters.tsx(138,17): error TS2367: This comparison appears to be unintentional because the types 'CategoryType' and '"leads"' have no overlap.
src/pages/OwnerFilters.tsx(139,17): error TS2367: This comparison appears to be unintentional because the types 'CategoryType' and '"motos"' have no overlap.
src/pages/OwnerFilters.tsx(140,17): error TS2367: This comparison appears to be unintentional because the types 'CategoryType' and '"bikes"' have no overlap.
src/pages/OwnerFilters.tsx(141,17): error TS2367: This comparison appears to be unintentional because the types 'CategoryType' and '"jobs"' have no overlap.
src/pages/WorldRadioDirectory.tsx(28,27): error TS18048: 's.genre' is possibly 'undefined'.
src/providers/RootProviders.tsx(79,12): error TS2367: This comparison appears to be unintentional because the types '"cheers" | "red-matte" | "amber-matte" | "pure-black" | "Swipess-style"' and '"light"' have no overlap.
src/utils/lazyComponentLoader.tsx(112,12): error TS2307: Cannot find module '../components/EnhancedOwnerDashboard' or its corresponding type declarations.
